This is pdfTeX, Version 3.141592653-2.6-1.40.28 (MiKTeX 25.12) (preloaded format=pdflatex 2026.4.21)  20 MAY 2026 17:45
entering extended mode
 restricted \write18 enabled.
 %&-line parsing enabled.
**./main.tex
(main.tex
LaTeX2e <2025-11-01>
L3 programming layer <2025-12-24>
(C:\Users\Oliwia\AppData\Local\Programs\MiKTeX\tex/latex/base\report.cls
Document Class: report 2025/01/22 v1.4n Standard LaTeX document class
(C:\Users\Oliwia\AppData\Local\Programs\MiKTeX\tex/latex/base\size12.clo
File: size12.clo 2025/01/22 v1.4n Standard LaTeX file (size option)
)
\c@part=\count275
\c@chapter=\count276
\c@section=\count277
\c@subsection=\count278
\c@subsubsection=\count279
\c@paragraph=\count280
\c@subparagraph=\count281
\c@figure=\count282
\c@table=\count283
\abovecaptionskip=\skip49
\belowcaptionskip=\skip50
\bibindent=\dimen148
)
(C:\Users\Oliwia\AppData\Local\Programs\MiKTeX\tex/latex/base\inputenc.sty
Package: inputenc 2024/02/08 v1.3d Input encoding file
\inpenc@prehook=\toks17
\inpenc@posthook=\toks18
)
(C:\Users\Oliwia\AppData\Local\Programs\MiKTeX\tex/latex/base\fontenc.sty
Package: fontenc 2025/07/18 v2.1d Standard LaTeX package
)
(C:\Users\Oliwia\AppData\Local\Programs\MiKTeX\tex/generic/babel\babel.sty
Package: babel 2025/12/11 v25.17 The multilingual framework for LuaLaTeX, pdfLa
TeX and XeLaTeX
\babel@savecnt=\count284
LaTeX Encoding Info:    Redeclaring text command \ij (encoding OT1) on input li
ne 2068.
LaTeX Encoding Info:    Redeclaring text command \IJ (encoding OT1) on input li
ne 2070.
LaTeX Encoding Info:    Redeclaring text command \ij (encoding T1) on input lin
e 2072.
LaTeX Encoding Info:    Redeclaring text command \IJ (encoding T1) on input lin
e 2073.
LaTeX Encoding Info:    Ignoring declaration for text command \ij (encoding ?) 
on input line 2074.
LaTeX Encoding Info:    Ignoring declaration for text command \IJ (encoding ?) 
on input line 2076.
LaTeX Encoding Info:    Ignoring declaration for text command \SS (encoding ?) 
on input line 2101.
\U@D=\dimen149
\l@unhyphenated=\language79

(C:\Users\Oliwia\AppData\Local\Programs\MiKTeX\tex/generic/babel\txtbabel.def)
\bbl@readstream=\read2
\bbl@dirlevel=\count285
Package babel Info: Configuration files are deprecated, as
(babel)             they can break document portability.
(babel)             Reported on input line 4196.

*************************************
* Local config file bblopts.cfg used
*
(C:\Users\Oliwia\AppData\Local\Programs\MiKTeX\tex/latex/arabi\bblopts.cfg
File: bblopts.cfg 2005/09/08 v0.1 add Arabic and Farsi to "declared" options of
 babel
)
(C:\Users\Oliwia\AppData\Local\Programs\MiKTeX\tex/generic/babel/locale/en\babe
l-english.tex)
Package babel Info: Importing font and identification data for english
(babel)             from babel-en.ini. Reported on input line 4320.

(C:\Users\Oliwia\AppData\Local\Programs\MiKTeX\tex/latex/babel-english\english.
ldf
Language: english 2017/06/06 v3.3r English support from the babel system
Package babel Info: Hyphen rules for 'canadian' set to \l@english
(babel)             (\language0). Reported on input line 102.
Package babel Info: Hyphen rules for 'australian' set to \l@ukenglish
(babel)             (\language73). Reported on input line 105.
Package babel Info: Hyphen rules for 'newzealand' set to \l@ukenglish
(babel)             (\language73). Reported on input line 108.
))
(C:\Users\Oliwia\AppData\Local\Programs\MiKTeX\tex/latex/geometry\geometry.sty
Package: geometry 2026/03/07 v6.0 Page Geometry

(C:\Users\Oliwia\AppData\Local\Programs\MiKTeX\tex/latex/graphics\keyval.sty
Package: keyval 2022/05/29 v1.15 key=value parser (DPC)
\KV@toks@=\toks19
)
(C:\Users\Oliwia\AppData\Local\Programs\MiKTeX\tex/generic/iftex\ifvtex.sty
Package: ifvtex 2019/10/25 v1.7 ifvtex legacy package. Use iftex instead.

(C:\Users\Oliwia\AppData\Local\Programs\MiKTeX\tex/generic/iftex\iftex.sty
Package: iftex 2024/12/12 v1.0g TeX engine tests
))
\Gm@cnth=\count286
\Gm@cntv=\count287
\c@Gm@tempcnt=\count288
\Gm@bindingoffset=\dimen150
\Gm@wd@mp=\dimen151
\Gm@odd@mp=\dimen152
\Gm@even@mp=\dimen153
\Gm@layoutwidth=\dimen154
\Gm@layoutheight=\dimen155
\Gm@layouthoffset=\dimen156
\Gm@layoutvoffset=\dimen157
\Gm@dimlist=\toks20

(C:\Users\Oliwia\AppData\Local\Programs\MiKTeX\tex/latex/geometry\geometry.cfg)
)
(C:\Users\Oliwia\AppData\Local\Programs\MiKTeX\tex/latex/graphics\graphicx.sty
Package: graphicx 2024/12/31 v1.2e Enhanced LaTeX Graphics (DPC,SPQR)

(C:\Users\Oliwia\AppData\Local\Programs\MiKTeX\tex/latex/graphics\graphics.sty
Package: graphics 2024/08/06 v1.4g Standard LaTeX Graphics (DPC,SPQR)

(C:\Users\Oliwia\AppData\Local\Programs\MiKTeX\tex/latex/graphics\trig.sty
Package: trig 2023/12/02 v1.11 sin cos tan (DPC)
)
(C:\Users\Oliwia\AppData\Local\Programs\MiKTeX\tex/latex/graphics-cfg\graphics.
cfg
File: graphics.cfg 2016/06/04 v1.11 sample graphics configuration
)
Package graphics Info: Driver file: pdftex.def on input line 106.

(C:\Users\Oliwia\AppData\Local\Programs\MiKTeX\tex/latex/graphics-def\pdftex.de
f
File: pdftex.def 2025/09/29 v1.2d Graphics/color driver for pdftex
))
\Gin@req@height=\dimen158
\Gin@req@width=\dimen159
)
(C:\Users\Oliwia\AppData\Local\Programs\MiKTeX\tex/latex/hyperref\hyperref.sty
Package: hyperref 2025-07-12 v7.01o Hypertext links for LaTeX

(C:\Users\Oliwia\AppData\Local\Programs\MiKTeX\tex/latex/kvsetkeys\kvsetkeys.st
y
Package: kvsetkeys 2022-10-05 v1.19 Key value parser (HO)
)
(C:\Users\Oliwia\AppData\Local\Programs\MiKTeX\tex/generic/kvdefinekeys\kvdefin
ekeys.sty
Package: kvdefinekeys 2019-12-19 v1.6 Define keys (HO)
)
(C:\Users\Oliwia\AppData\Local\Programs\MiKTeX\tex/generic/pdfescape\pdfescape.
sty
Package: pdfescape 2019/12/09 v1.15 Implements pdfTeX's escape features (HO)

(C:\Users\Oliwia\AppData\Local\Programs\MiKTeX\tex/generic/ltxcmds\ltxcmds.sty
Package: ltxcmds 2023-12-04 v1.26 LaTeX kernel commands for general use (HO)
)
(C:\Users\Oliwia\AppData\Local\Programs\MiKTeX\tex/generic/pdftexcmds\pdftexcmd
s.sty
Package: pdftexcmds 2020-06-27 v0.33 Utility functions of pdfTeX for LuaTeX (HO
)

(C:\Users\Oliwia\AppData\Local\Programs\MiKTeX\tex/generic/infwarerr\infwarerr.
sty
Package: infwarerr 2019/12/03 v1.5 Providing info/warning/error messages (HO)
)
Package pdftexcmds Info: \pdf@primitive is available.
Package pdftexcmds Info: \pdf@ifprimitive is available.
Package pdftexcmds Info: \pdfdraftmode found.
))
(C:\Users\Oliwia\AppData\Local\Programs\MiKTeX\tex/latex/hycolor\hycolor.sty
Package: hycolor 2020-01-27 v1.10 Color options for hyperref/bookmark (HO)
)
(C:\Users\Oliwia\AppData\Local\Programs\MiKTeX\tex/latex/hyperref\nameref.sty
Package: nameref 2025-06-21 v2.57 Cross-referencing by name of section

(C:\Users\Oliwia\AppData\Local\Programs\MiKTeX\tex/latex/refcount\refcount.sty
Package: refcount 2019/12/15 v3.6 Data extraction from label references (HO)
)
(C:\Users\Oliwia\AppData\Local\Programs\MiKTeX\tex/generic/gettitlestring\getti
tlestring.sty
Package: gettitlestring 2019/12/15 v1.6 Cleanup title references (HO)

(C:\Users\Oliwia\AppData\Local\Programs\MiKTeX\tex/latex/kvoptions\kvoptions.st
y
Package: kvoptions 2022-06-15 v3.15 Key value format for package options (HO)
))
\c@section@level=\count289
)
(C:\Users\Oliwia\AppData\Local\Programs\MiKTeX\tex/latex/etoolbox\etoolbox.sty
Package: etoolbox 2025/10/02 v2.5m e-TeX tools for LaTeX (JAW)
\etb@tempcnta=\count290
)
(C:\Users\Oliwia\AppData\Local\Programs\MiKTeX\tex/generic/stringenc\stringenc.
sty
Package: stringenc 2019/11/29 v1.12 Convert strings between diff. encodings (HO
)
)
\@linkdim=\dimen160
\Hy@linkcounter=\count291
\Hy@pagecounter=\count292

(C:\Users\Oliwia\AppData\Local\Programs\MiKTeX\tex/latex/hyperref\pd1enc.def
File: pd1enc.def 2025-07-12 v7.01o Hyperref: PDFDocEncoding definition (HO)
Now handling font encoding PD1 ...
... no UTF-8 mapping file for font encoding PD1
)
(C:\Users\Oliwia\AppData\Local\Programs\MiKTeX\tex/generic/intcalc\intcalc.sty
Package: intcalc 2019/12/15 v1.3 Expandable calculations with integers (HO)
)
\Hy@SavedSpaceFactor=\count293
(C:\Users\Oliwia\AppData\Local\Programs\MiKTeX\tex/latex/hyperref\puenc.def
File: puenc.def 2025-07-12 v7.01o Hyperref: PDF Unicode definition (HO)
Now handling font encoding PU ...
... no UTF-8 mapping file for font encoding PU
)
Package hyperref Info: Hyper figures OFF on input line 4195.
Package hyperref Info: Link nesting OFF on input line 4200.
Package hyperref Info: Hyper index ON on input line 4203.
Package hyperref Info: Plain pages OFF on input line 4210.
Package hyperref Info: Backreferencing OFF on input line 4215.
Package hyperref Info: Implicit mode ON; LaTeX internals redefined.
Package hyperref Info: Bookmarks ON on input line 4462.
\c@Hy@tempcnt=\count294

(C:\Users\Oliwia\AppData\Local\Programs\MiKTeX\tex/latex/url\url.sty
\Urlmuskip=\muskip17
Package: url 2013/09/16  ver 3.4  Verb mode for urls, etc.
)
LaTeX Info: Redefining \url on input line 4801.
\XeTeXLinkMargin=\dimen161

(C:\Users\Oliwia\AppData\Local\Programs\MiKTeX\tex/generic/bitset\bitset.sty
Package: bitset 2019/12/09 v1.3 Handle bit-vector datatype (HO)

(C:\Users\Oliwia\AppData\Local\Programs\MiKTeX\tex/generic/bigintcalc\bigintcal
c.sty
Package: bigintcalc 2019/12/15 v1.5 Expandable calculations on big integers (HO
)
))
\Fld@menulength=\count295
\Field@Width=\dimen162
\Fld@charsize=\dimen163
Package hyperref Info: Hyper figures OFF on input line 6078.
Package hyperref Info: Link nesting OFF on input line 6083.
Package hyperref Info: Hyper index ON on input line 6086.
Package hyperref Info: backreferencing OFF on input line 6093.
Package hyperref Info: Link coloring OFF on input line 6098.
Package hyperref Info: Link coloring with OCG OFF on input line 6103.
Package hyperref Info: PDF/A mode OFF on input line 6108.
\Hy@abspage=\count296
\c@Item=\count297
\c@Hfootnote=\count298
)
Package hyperref Info: Driver (autodetected): hpdftex.

(C:\Users\Oliwia\AppData\Local\Programs\MiKTeX\tex/latex/hyperref\hpdftex.def
File: hpdftex.def 2025-07-12 v7.01o Hyperref driver for pdfTeX
\Fld@listcount=\count299
\c@bookmark@seq@number=\count300

(C:\Users\Oliwia\AppData\Local\Programs\MiKTeX\tex/latex/rerunfilecheck\rerunfi
lecheck.sty
Package: rerunfilecheck 2025-06-21 v1.11 Rerun checks for auxiliary files (HO)

(C:\Users\Oliwia\AppData\Local\Programs\MiKTeX\tex/generic/uniquecounter\unique
counter.sty
Package: uniquecounter 2019/12/15 v1.4 Provide unlimited unique counter (HO)
)
Package uniquecounter Info: New unique counter `rerunfilecheck' on input line 2
84.
)
\Hy@SectionHShift=\skip51
)
(C:\Users\Oliwia\AppData\Local\Programs\MiKTeX\tex/latex/setspace\setspace.sty
Package: setspace 2022/12/04 v6.7b set line spacing
) (C:\Users\Oliwia\AppData\Local\Programs\MiKTeX\tex/latex/titlesec\titlesec.st
y
Package: titlesec 2025/01/04 v2.17 Sectioning titles
\ttl@box=\box53
\beforetitleunit=\skip52
\aftertitleunit=\skip53
\ttl@plus=\dimen164
\ttl@minus=\dimen165
\ttl@toksa=\toks21
\titlewidth=\dimen166
\titlewidthlast=\dimen167
\titlewidthfirst=\dimen168
) (C:\Users\Oliwia\AppData\Local\Programs\MiKTeX\tex/latex/tocloft\tocloft.sty
Package: tocloft 2017/08/31 v2.3i parameterised ToC, etc., typesetting
Package tocloft Info: The document has chapter divisions on input line 51.
\cftparskip=\skip54
\cftbeforetoctitleskip=\skip55
\cftaftertoctitleskip=\skip56
\cftbeforepartskip=\skip57
\cftpartnumwidth=\skip58
\cftpartindent=\skip59
\cftbeforechapskip=\skip60
\cftchapindent=\skip61
\cftchapnumwidth=\skip62
\cftbeforesecskip=\skip63
\cftsecindent=\skip64
\cftsecnumwidth=\skip65
\cftbeforesubsecskip=\skip66
\cftsubsecindent=\skip67
\cftsubsecnumwidth=\skip68
\cftbeforesubsubsecskip=\skip69
\cftsubsubsecindent=\skip70
\cftsubsubsecnumwidth=\skip71
\cftbeforeparaskip=\skip72
\cftparaindent=\skip73
\cftparanumwidth=\skip74
\cftbeforesubparaskip=\skip75
\cftsubparaindent=\skip76
\cftsubparanumwidth=\skip77
\cftbeforeloftitleskip=\skip78
\cftafterloftitleskip=\skip79
\cftbeforefigskip=\skip80
\cftfigindent=\skip81
\cftfignumwidth=\skip82
\c@lofdepth=\count301
\c@lotdepth=\count302
\cftbeforelottitleskip=\skip83
\cftafterlottitleskip=\skip84
\cftbeforetabskip=\skip85
\cfttabindent=\skip86
\cfttabnumwidth=\skip87
) (C:\Users\Oliwia\AppData\Local\Programs\MiKTeX\tex/latex/fancyhdr\fancyhdr.st
y
Package: fancyhdr 2025/02/07 v5.2 Extensive control of page headers and footers

\f@nch@headwidth=\skip88
\f@nch@offset@elh=\skip89
\f@nch@offset@erh=\skip90
\f@nch@offset@olh=\skip91
\f@nch@offset@orh=\skip92
\f@nch@offset@elf=\skip93
\f@nch@offset@erf=\skip94
\f@nch@offset@olf=\skip95
\f@nch@offset@orf=\skip96
\f@nch@height=\skip97
\f@nch@footalignment=\skip98
\f@nch@widthL=\skip99
\f@nch@widthC=\skip100
\f@nch@widthR=\skip101
\@temptokenb=\toks22
) (C:\Users\Oliwia\AppData\Local\Programs\MiKTeX\tex/latex/tools\array.sty
Package: array 2025/09/25 v2.6n Tabular extension package (FMi)
\col@sep=\dimen169
\ar@mcellbox=\box54
\extrarowheight=\dimen170
\NC@list=\toks23
\extratabsurround=\skip102
\backup@length=\skip103
\ar@cellbox=\box55
)
(C:\Users\Oliwia\AppData\Local\Programs\MiKTeX\tex/latex/booktabs\booktabs.sty
Package: booktabs 2020/01/12 v1.61803398 Publication quality tables
\heavyrulewidth=\dimen171
\lightrulewidth=\dimen172
\cmidrulewidth=\dimen173
\belowrulesep=\dimen174
\belowbottomsep=\dimen175
\aboverulesep=\dimen176
\abovetopsep=\dimen177
\cmidrulesep=\dimen178
\cmidrulekern=\dimen179
\defaultaddspace=\dimen180
\@cmidla=\count303
\@cmidlb=\count304
\@aboverulesep=\dimen181
\@belowrulesep=\dimen182
\@thisruleclass=\count305
\@lastruleclass=\count306
\@thisrulewidth=\dimen183
) (C:\Users\Oliwia\AppData\Local\Programs\MiKTeX\tex/latex/float\float.sty
Package: float 2001/11/08 v1.3d Float enhancements (AL)
\c@float@type=\count307
\float@exts=\toks24
\float@box=\box56
\@float@everytoks=\toks25
\@floatcapt=\box57
)
(C:\Users\Oliwia\AppData\Local\Programs\MiKTeX\tex/latex/caption\caption.sty
Package: caption 2023/08/05 v3.6o Customizing captions (AR)

(C:\Users\Oliwia\AppData\Local\Programs\MiKTeX\tex/latex/caption\caption3.sty
Package: caption3 2023/07/31 v2.4d caption3 kernel (AR)
\caption@tempdima=\dimen184
\captionmargin=\dimen185
\caption@leftmargin=\dimen186
\caption@rightmargin=\dimen187
\caption@width=\dimen188
\caption@indent=\dimen189
\caption@parindent=\dimen190
\caption@hangindent=\dimen191
Package caption Info: Standard document class detected.
)
\c@caption@flags=\count308
\c@continuedfloat=\count309
Package caption Info: float package is loaded.
Package caption Info: hyperref package is loaded.
)
(C:\Users\Oliwia\AppData\Local\Programs\MiKTeX\tex/latex/caption\subcaption.sty
Package: subcaption 2023/07/28 v1.6b Sub-captions (AR)
Package caption Info: New subtype `subfigure' on input line 238.
\c@subfigure=\count310
Package caption Info: New subtype `subtable' on input line 238.
\c@subtable=\count311
)
(C:\Users\Oliwia\AppData\Local\Programs\MiKTeX\tex/latex/enumitem\enumitem.sty
Package: enumitem 2025/02/06 v3.11 Customized lists
\labelindent=\skip104
\enit@outerparindent=\dimen192
\enit@toks=\toks26
\enit@inbox=\box58
\enit@count@id=\count312
\enitdp@description=\count313
) (C:\Users\Oliwia\AppData\Local\Programs\MiKTeX\tex/latex/xcolor\xcolor.sty
Package: xcolor 2024/09/29 v3.02 LaTeX color extensions (UK)

(C:\Users\Oliwia\AppData\Local\Programs\MiKTeX\tex/latex/graphics-cfg\color.cfg
File: color.cfg 2016/01/02 v1.6 sample color configuration
)
Package xcolor Info: Driver file: pdftex.def on input line 274.

(C:\Users\Oliwia\AppData\Local\Programs\MiKTeX\tex/latex/graphics\mathcolor.ltx
)
Package xcolor Info: Model `cmy' substituted by `cmy0' on input line 1349.
Package xcolor Info: Model `hsb' substituted by `rgb' on input line 1353.
Package xcolor Info: Model `RGB' extended on input line 1365.
Package xcolor Info: Model `HTML' substituted by `rgb' on input line 1367.
Package xcolor Info: Model `Hsb' substituted by `hsb' on input line 1368.
Package xcolor Info: Model `tHsb' substituted by `hsb' on input line 1369.
Package xcolor Info: Model `HSB' substituted by `hsb' on input line 1370.
Package xcolor Info: Model `Gray' substituted by `gray' on input line 1371.
Package xcolor Info: Model `wave' substituted by `hsb' on input line 1372.
)
(C:\Users\Oliwia\AppData\Local\Programs\MiKTeX\tex/latex/pdfpages\pdfpages.sty
Package: pdfpages 2026/03/30 v0.6h Insert pages of external PDF documents (AM)

(C:\Users\Oliwia\AppData\Local\Programs\MiKTeX\tex/latex/base\ifthen.sty
Package: ifthen 2024/03/16 v1.1e Standard LaTeX ifthen package (DPC)
)
(C:\Users\Oliwia\AppData\Local\Programs\MiKTeX\tex/latex/tools\calc.sty
Package: calc 2025/03/01 v4.3b Infix arithmetic (KKT,FJ)
\calc@Acount=\count314
\calc@Bcount=\count315
\calc@Adimen=\dimen193
\calc@Bdimen=\dimen194
\calc@Askip=\skip105
\calc@Bskip=\skip106
LaTeX Info: Redefining \setlength on input line 86.
LaTeX Info: Redefining \addtolength on input line 87.
\calc@Ccount=\count316
\calc@Cskip=\skip107
)
(C:\Users\Oliwia\AppData\Local\Programs\MiKTeX\tex/latex/eso-pic\eso-pic.sty
Package: eso-pic 2025/12/10 v3.0d eso-pic (RN)
\ESO@tempdima=\dimen195
\ESO@tempdimb=\dimen196
)
\AM@pagewidth=\dimen197
\AM@pageheight=\dimen198
\AM@fboxrule=\dimen199

(C:\Users\Oliwia\AppData\Local\Programs\MiKTeX\tex/latex/pdfpages\pppdftex.def
File: pppdftex.def 2026/03/30 v0.6h Pdfpages driver for pdfTeX (AM)
)
\pdfpages@includegraphics@status=\count317
\AM@pagebox=\box59
\AM@global@opts=\toks27
\AM@pagecnt=\count318
\AM@toc@title=\toks28
\AM@lof@heading=\toks29
\c@AM@survey=\count319
\AM@templatesizebox=\box60
)
(C:\Users\Oliwia\AppData\Local\Programs\MiKTeX\tex/latex/listings\listings.sty
\lst@mode=\count320
\lst@gtempboxa=\box61
\lst@token=\toks30
\lst@length=\count321
\lst@currlwidth=\dimen256
\lst@column=\count322
\lst@pos=\count323
\lst@lostspace=\dimen257
\lst@width=\dimen258
\lst@newlines=\count324
\lst@lineno=\count325
\lst@maxwidth=\dimen259

(C:\Users\Oliwia\AppData\Local\Programs\MiKTeX\tex/latex/listings\lstpatch.sty
File: lstpatch.sty 2025/11/14 1.11b (Carsten Heinz)
) (C:\Users\Oliwia\AppData\Local\Programs\MiKTeX\tex/latex/listings\lstmisc.sty
File: lstmisc.sty 2025/11/14 1.11b (Carsten Heinz)
\c@lstnumber=\count326
\lst@skipnumbers=\count327
\lst@framebox=\box62
) (C:\Users\Oliwia\AppData\Local\Programs\MiKTeX\tex/latex/listings\listings.cf
g
File: listings.cfg 2025/11/14 1.11b listings configuration
))
Package: listings 2025/11/14 1.11b (Carsten Heinz)

==> First Aid for listings.sty no longer applied!
    Expected:
        2024/09/23 1.10c (Carsten Heinz)
    but found:
        2025/11/14 1.11b (Carsten Heinz)
    so I'm assuming it got fixed.
Package hyperref Info: Option `colorlinks' set `true' on input line 56.

(C:\Users\Oliwia\AppData\Local\Programs\MiKTeX\tex/latex/l3backend\l3backend-pd
ftex.def
File: l3backend-pdftex.def 2025-10-09 L3 backend support: PDF output (pdfTeX)
\l__color_backend_stack_int=\count328
) (main.aux

LaTeX Warning: Label `fig:sprint-1-planning' multiply defined.


LaTeX Warning: Label `fig:sprint-1-planning' multiply defined.


LaTeX Warning: Label `fig:sprint-1-planning' multiply defined.


LaTeX Warning: Label `fig:sprint-1-planning' multiply defined.


LaTeX Warning: Label `fig:sprint-1-planning' multiply defined.


LaTeX Warning: Label `fig:sprint-1-planning' multiply defined.


LaTeX Warning: Label `fig:sprint-1-planning' multiply defined.


LaTeX Warning: Label `fig:sprint-1-planning' multiply defined.


LaTeX Warning: Label `fig:sprint-1-planning' multiply defined.


LaTeX Warning: Label `fig:sprint-1-planning' multiply defined.


LaTeX Warning: Label `fig:sprint-1-planning' multiply defined.

)
\openout1 = `main.aux'.

LaTeX Font Info:    Checking defaults for OML/cmm/m/it on input line 61.
LaTeX Font Info:    ... okay on input line 61.
LaTeX Font Info:    Checking defaults for OMS/cmsy/m/n on input line 61.
LaTeX Font Info:    ... okay on input line 61.
LaTeX Font Info:    Checking defaults for OT1/cmr/m/n on input line 61.
LaTeX Font Info:    ... okay on input line 61.
LaTeX Font Info:    Checking defaults for T1/cmr/m/n on input line 61.
LaTeX Font Info:    ... okay on input line 61.
LaTeX Font Info:    Checking defaults for TS1/cmr/m/n on input line 61.
LaTeX Font Info:    ... okay on input line 61.
LaTeX Font Info:    Checking defaults for OMX/cmex/m/n on input line 61.
LaTeX Font Info:    ... okay on input line 61.
LaTeX Font Info:    Checking defaults for U/cmr/m/n on input line 61.
LaTeX Font Info:    ... okay on input line 61.
LaTeX Font Info:    Checking defaults for PD1/pdf/m/n on input line 61.
LaTeX Font Info:    ... okay on input line 61.
LaTeX Font Info:    Checking defaults for PU/pdf/m/n on input line 61.
LaTeX Font Info:    ... okay on input line 61.

*geometry* driver: auto-detecting
*geometry* detected driver: pdftex
*geometry* verbose mode - [ preamble ] result:
* driver: pdftex
* paper: a4paper
* layout: <same size as paper>
* layoutoffset:(h,v)=(0.0pt,0.0pt)
* modes: 
* h-part:(L,W,R)=(85.35826pt, 441.01773pt, 71.13188pt)
* v-part:(T,H,B)=(71.13188pt, 702.78308pt, 71.13188pt)
* \paperwidth=597.50787pt
* \paperheight=845.04684pt
* \textwidth=441.01773pt
* \textheight=702.78308pt
* \oddsidemargin=13.08827pt
* \evensidemargin=13.08827pt
* \topmargin=-38.1381pt
* \headheight=12.0pt
* \headsep=25.0pt
* \topskip=12.0pt
* \footskip=30.0pt
* \marginparwidth=35.0pt
* \marginparsep=10.0pt
* \columnsep=10.0pt
* \skip\footins=10.8pt plus 4.0pt minus 2.0pt
* \hoffset=0.0pt
* \voffset=0.0pt
* \mag=1000
* \@twocolumnfalse
* \@twosidefalse
* \@mparswitchfalse
* \@reversemarginfalse
* (1in=72.27pt=25.4mm, 1cm=28.453pt)


(C:\Users\Oliwia\AppData\Local\Programs\MiKTeX\tex/context/base/mkii\supp-pdf.m
kii
[Loading MPS to PDF converter (version 2006.09.02).]
\scratchcounter=\count329
\scratchdimen=\dimen260
\scratchbox=\box63
\nofMPsegments=\count330
\nofMParguments=\count331
\everyMPshowfont=\toks31
\MPscratchCnt=\count332
\MPscratchDim=\dimen261
\MPnumerator=\count333
\makeMPintoPDFobject=\count334
\everyMPtoPDFconversion=\toks32
)
(C:\Users\Oliwia\AppData\Local\Programs\MiKTeX\tex/latex/epstopdf-pkg\epstopdf-
base.sty
Package: epstopdf-base 2020-01-24 v2.11 Base part for package epstopdf
Package epstopdf-base Info: Redefining graphics rule for `.eps' on input line 4
85.

(C:\Users\Oliwia\AppData\Local\Programs\MiKTeX\tex/latex/00miktex\epstopdf-sys.
cfg
File: epstopdf-sys.cfg 2021/03/18 v2.0 Configuration of epstopdf for MiKTeX
))
Package hyperref Info: Link coloring ON on input line 61.
 (main.out) (main.out)
\@outlinefile=\write3
\openout3 = `main.out'.

Package caption Info: Begin \AtBeginDocument code.
Package caption Info: listings package is loaded.
Package caption Info: End \AtBeginDocument code.

(C:\Users\Oliwia\AppData\Local\Programs\MiKTeX\tex/latex/pdflscape\pdflscape.st
y
Package: pdflscape 2022-10-27 v0.13 Display of landscape pages in PDF

(C:\Users\Oliwia\AppData\Local\Programs\MiKTeX\tex/latex/pdflscape\pdflscape-no
metadata.sty
Package: pdflscape-nometadata 2022-10-28 v0.13 Display of landscape pages in PD
F (HO)

(C:\Users\Oliwia\AppData\Local\Programs\MiKTeX\tex/latex/graphics\lscape.sty
Package: lscape 2020/05/28 v3.02 Landscape Pages (DPC)
)
Package pdflscape Info: Auto-detected driver: pdftex on input line 81.
))
\c@lstlisting=\count335
<Images/SDU-logo-sort.png, id=151, 695.59875pt x 280.04625pt>
File: Images/SDU-logo-sort.png Graphic file (type png)
<use Images/SDU-logo-sort.png>
Package pdftex.def Info: Images/SDU-logo-sort.png  used on input line 66.
(pdftex.def)             Requested size: 352.81552pt x 142.03969pt.
LaTeX Font Info:    External font `cmex10' loaded for size
(Font)              <12> on input line 71.
LaTeX Font Info:    External font `cmex10' loaded for size
(Font)              <8> on input line 71.
LaTeX Font Info:    External font `cmex10' loaded for size
(Font)              <6> on input line 71.
[1

{C:/Users/Oliwia/AppData/Local/MiKTeX/fonts/map/pdftex/pdftex.map} <./Images/SD
U-logo-sort.png>] (main.toc [1])
\tf@toc=\write4
\openout4 = `main.toc'.



Package fancyhdr Warning: \headheight is too small (12.0pt): 
(fancyhdr)                Make it at least 14.49998pt, for example:
(fancyhdr)                \setlength{\headheight}{14.49998pt}.
(fancyhdr)                You might also make \topmargin smaller:
(fancyhdr)                \addtolength{\topmargin}{-2.49998pt}.

[2] (main.lof)
\tf@lof=\write5
\openout5 = `main.lof'.

 [3] (main.lot)
\tf@lot=\write6
\openout6 = `main.lot'.

 [4] (Chapters/Abstract.tex) [5

]
Chapter 1.
(Chapters/Introduction.tex
pdfTeX warning (ext4): destination with the same identifier (name{page.1}) has 
been already used, duplicate ignored
<to be read again> 
                   \relax 
l.9 
     [1

])

Package fancyhdr Warning: \headheight is too small (12.0pt): 
(fancyhdr)                Make it at least 14.49998pt, for example:
(fancyhdr)                \setlength{\headheight}{14.49998pt}.
(fancyhdr)                You might also make \topmargin smaller:
(fancyhdr)                \addtolength{\topmargin}{-2.49998pt}.

[2]
Chapter 2.
(Chapters/ScrumImplementation.tex [3

])

Package fancyhdr Warning: \headheight is too small (12.0pt): 
(fancyhdr)                Make it at least 14.49998pt, for example:
(fancyhdr)                \setlength{\headheight}{14.49998pt}.
(fancyhdr)                You might also make \topmargin smaller:
(fancyhdr)                \addtolength{\topmargin}{-2.49998pt}.

[4]
Chapter 3.
(Chapters/Sprints.tex
<Figures/Sprint/Sprint1Planning.png, id=265, 1505.625pt x 888.31876pt>
File: Figures/Sprint/Sprint1Planning.png Graphic file (type png)
<use Figures/Sprint/Sprint1Planning.png>
Package pdftex.def Info: Figures/Sprint/Sprint1Planning.png  used on input line
 18.
(pdftex.def)             Requested size: 330.76329pt x 195.14607pt.
 [5

]
<Figures/Sprint/Sprint1Review.png, id=271, 1144.275pt x 952.55875pt>
File: Figures/Sprint/Sprint1Review.png Graphic file (type png)
<use Figures/Sprint/Sprint1Review.png>
Package pdftex.def Info: Figures/Sprint/Sprint1Review.png  used on input line 2
7.
(pdftex.def)             Requested size: 330.76329pt x 275.34833pt.


Package fancyhdr Warning: \headheight is too small (12.0pt): 
(fancyhdr)                Make it at least 14.49998pt, for example:
(fancyhdr)                \setlength{\headheight}{14.49998pt}.
(fancyhdr)                You might also make \topmargin smaller:
(fancyhdr)                \addtolength{\topmargin}{-2.49998pt}.

[6 <./Figures/Sprint/Sprint1Planning.png> <./Figures/Sprint/Sprint1Review.png>]

Package fancyhdr Warning: \headheight is too small (12.0pt): 
(fancyhdr)                Make it at least 14.49998pt, for example:
(fancyhdr)                \setlength{\headheight}{14.49998pt}.
(fancyhdr)                You might also make \topmargin smaller:
(fancyhdr)                \addtolength{\topmargin}{-2.49998pt}.

[7]
<Figures/Sprint/Sprint3Planning.png, id=281, 1264.725pt x 851.18pt>
File: Figures/Sprint/Sprint3Planning.png Graphic file (type png)
<use Figures/Sprint/Sprint3Planning.png>
Package pdftex.def Info: Figures/Sprint/Sprint3Planning.png  used on input line
 80.
(pdftex.def)             Requested size: 330.76329pt x 222.60037pt.


Package fancyhdr Warning: \headheight is too small (12.0pt): 
(fancyhdr)                Make it at least 14.49998pt, for example:
(fancyhdr)                \setlength{\headheight}{14.49998pt}.
(fancyhdr)                You might also make \topmargin smaller:
(fancyhdr)                \addtolength{\topmargin}{-2.49998pt}.

[8]
<Figures/Sprint/Sprint3Review.png, id=286, 1258.7025pt x 375.4025pt>
File: Figures/Sprint/Sprint3Review.png Graphic file (type png)
<use Figures/Sprint/Sprint3Review.png>
Package pdftex.def Info: Figures/Sprint/Sprint3Review.png  used on input line 8
8.
(pdftex.def)             Requested size: 330.76329pt x 98.64487pt.


Package fancyhdr Warning: \headheight is too small (12.0pt): 
(fancyhdr)                Make it at least 14.49998pt, for example:
(fancyhdr)                \setlength{\headheight}{14.49998pt}.
(fancyhdr)                You might also make \topmargin smaller:
(fancyhdr)                \addtolength{\topmargin}{-2.49998pt}.

[9 <./Figures/Sprint/Sprint3Planning.png> <./Figures/Sprint/Sprint3Review.png>]
<Figures/Sprint/Sprint4Planning.png, id=291, 1262.7175pt x 858.20625pt>
File: Figures/Sprint/Sprint4Planning.png Graphic file (type png)
<use Figures/Sprint/Sprint4Planning.png>
Package pdftex.def Info: Figures/Sprint/Sprint4Planning.png  used on input line
 113.
(pdftex.def)             Requested size: 330.76329pt x 224.80453pt.

Package fancyhdr Warning: \headheight is too small (12.0pt): 
(fancyhdr)                Make it at least 14.49998pt, for example:
(fancyhdr)                \setlength{\headheight}{14.49998pt}.
(fancyhdr)                You might also make \topmargin smaller:
(fancyhdr)                \addtolength{\topmargin}{-2.49998pt}.

[10]
<Figures/Sprint/Sprint4Review.png, id=296, 936.49875pt x 778.91pt>
File: Figures/Sprint/Sprint4Review.png Graphic file (type png)
<use Figures/Sprint/Sprint4Review.png>
Package pdftex.def Info: Figures/Sprint/Sprint4Review.png  used on input line 1
21.
(pdftex.def)             Requested size: 330.76329pt x 275.1066pt.


Package fancyhdr Warning: \headheight is too small (12.0pt): 
(fancyhdr)                Make it at least 14.49998pt, for example:
(fancyhdr)                \setlength{\headheight}{14.49998pt}.
(fancyhdr)                You might also make \topmargin smaller:
(fancyhdr)                \addtolength{\topmargin}{-2.49998pt}.

[11 <./Figures/Sprint/Sprint4Planning.png>]

Package fancyhdr Warning: \headheight is too small (12.0pt): 
(fancyhdr)                Make it at least 14.49998pt, for example:
(fancyhdr)                \setlength{\headheight}{14.49998pt}.
(fancyhdr)                You might also make \topmargin smaller:
(fancyhdr)                \addtolength{\topmargin}{-2.49998pt}.

[12 <./Figures/Sprint/Sprint4Review.png (PNG copy)>]
<Figures/Sprint/Sprint5Planning.png, id=306, 1385.175pt x 893.3375pt>
File: Figures/Sprint/Sprint5Planning.png Graphic file (type png)
<use Figures/Sprint/Sprint5Planning.png>
Package pdftex.def Info: Figures/Sprint/Sprint5Planning.png  used on input line
 144.
(pdftex.def)             Requested size: 330.76329pt x 213.31488pt.


Package fancyhdr Warning: \headheight is too small (12.0pt): 
(fancyhdr)                Make it at least 14.49998pt, for example:
(fancyhdr)                \setlength{\headheight}{14.49998pt}.
(fancyhdr)                You might also make \topmargin smaller:
(fancyhdr)                \addtolength{\topmargin}{-2.49998pt}.

[13]
<Figures/Sprint/Sprint5Review.png, id=312, 1405.25pt x 777.90625pt>
File: Figures/Sprint/Sprint5Review.png Graphic file (type png)
<use Figures/Sprint/Sprint5Review.png>
Package pdftex.def Info: Figures/Sprint/Sprint5Review.png  used on input line 1
53.
(pdftex.def)             Requested size: 330.76329pt x 183.09286pt.


Package fancyhdr Warning: \headheight is too small (12.0pt): 
(fancyhdr)                Make it at least 14.49998pt, for example:
(fancyhdr)                \setlength{\headheight}{14.49998pt}.
(fancyhdr)                You might also make \topmargin smaller:
(fancyhdr)                \addtolength{\topmargin}{-2.49998pt}.

[14 <./Figures/Sprint/Sprint5Planning.png> <./Figures/Sprint/Sprint5Review.png>
]

Package fancyhdr Warning: \headheight is too small (12.0pt): 
(fancyhdr)                Make it at least 14.49998pt, for example:
(fancyhdr)                \setlength{\headheight}{14.49998pt}.
(fancyhdr)                You might also make \topmargin smaller:
(fancyhdr)                \addtolength{\topmargin}{-2.49998pt}.

[15])

Package fancyhdr Warning: \headheight is too small (12.0pt): 
(fancyhdr)                Make it at least 14.49998pt, for example:
(fancyhdr)                \setlength{\headheight}{14.49998pt}.
(fancyhdr)                You might also make \topmargin smaller:
(fancyhdr)                \addtolength{\topmargin}{-2.49998pt}.

[16]
Chapter 4.
(Chapters/Solution.tex
<Figures/Diagrams/PackageDiagram.png, id=325, 1635.10875pt x 733.74126pt>
File: Figures/Diagrams/PackageDiagram.png Graphic file (type png)
<use Figures/Diagrams/PackageDiagram.png>
Package pdftex.def Info: Figures/Diagrams/PackageDiagram.png  used on input lin
e 11.
(pdftex.def)             Requested size: 330.76329pt x 148.42505pt.
 [17

]
<Figures/Diagrams/ClassDiagram.png, id=330, 889.07156pt x 753.5653pt>
File: Figures/Diagrams/ClassDiagram.png Graphic file (type png)
<use Figures/Diagrams/ClassDiagram.png>
Package pdftex.def Info: Figures/Diagrams/ClassDiagram.png  used on input line 
29.
(pdftex.def)             Requested size: 330.76329pt x 280.34409pt.


Package fancyhdr Warning: \headheight is too small (12.0pt): 
(fancyhdr)                Make it at least 14.49998pt, for example:
(fancyhdr)                \setlength{\headheight}{14.49998pt}.
(fancyhdr)                You might also make \topmargin smaller:
(fancyhdr)                \addtolength{\topmargin}{-2.49998pt}.

[18 <./Figures/Diagrams/PackageDiagram.png (PNG copy)>]

Package fancyhdr Warning: \headheight is too small (12.0pt): 
(fancyhdr)                Make it at least 14.49998pt, for example:
(fancyhdr)                \setlength{\headheight}{14.49998pt}.
(fancyhdr)                You might also make \topmargin smaller:
(fancyhdr)                \addtolength{\topmargin}{-2.49998pt}.

[19 <./Figures/Diagrams/ClassDiagram.png>]
<Figures/Diagrams/ActivityDiagram.png, id=341, 386.44376pt x 564.1075pt>
File: Figures/Diagrams/ActivityDiagram.png Graphic file (type png)
<use Figures/Diagrams/ActivityDiagram.png>
Package pdftex.def Info: Figures/Diagrams/ActivityDiagram.png  used on input li
ne 44.
(pdftex.def)             Requested size: 330.76329pt x 482.83337pt.


Package fancyhdr Warning: \headheight is too small (12.0pt): 
(fancyhdr)                Make it at least 14.49998pt, for example:
(fancyhdr)                \setlength{\headheight}{14.49998pt}.
(fancyhdr)                You might also make \topmargin smaller:
(fancyhdr)                \addtolength{\topmargin}{-2.49998pt}.

[20 <./Figures/Diagrams/ActivityDiagram.png>]
<Figures/Diagrams/SequenceDiagram.png, id=347, 1279.78125pt x 934.49126pt>
File: Figures/Diagrams/SequenceDiagram.png Graphic file (type png)
<use Figures/Diagrams/SequenceDiagram.png>
Package pdftex.def Info: Figures/Diagrams/SequenceDiagram.png  used on input li
ne 57.
(pdftex.def)             Requested size: 330.76329pt x 241.52182pt.


Package fancyhdr Warning: \headheight is too small (12.0pt): 
(fancyhdr)                Make it at least 14.49998pt, for example:
(fancyhdr)                \setlength{\headheight}{14.49998pt}.
(fancyhdr)                You might also make \topmargin smaller:
(fancyhdr)                \addtolength{\topmargin}{-2.49998pt}.

[21 <./Figures/Diagrams/SequenceDiagram.png (PNG copy)>]

Package fancyhdr Warning: \headheight is too small (12.0pt): 
(fancyhdr)                Make it at least 14.49998pt, for example:
(fancyhdr)                \setlength{\headheight}{14.49998pt}.
(fancyhdr)                You might also make \topmargin smaller:
(fancyhdr)                \addtolength{\topmargin}{-2.49998pt}.

[22]

Package fancyhdr Warning: \headheight is too small (12.0pt): 
(fancyhdr)                Make it at least 14.49998pt, for example:
(fancyhdr)                \setlength{\headheight}{14.49998pt}.
(fancyhdr)                You might also make \topmargin smaller:
(fancyhdr)                \addtolength{\topmargin}{-2.49998pt}.

[23])

Package fancyhdr Warning: \headheight is too small (12.0pt): 
(fancyhdr)                Make it at least 14.49998pt, for example:
(fancyhdr)                \setlength{\headheight}{14.49998pt}.
(fancyhdr)                You might also make \topmargin smaller:
(fancyhdr)                \addtolength{\topmargin}{-2.49998pt}.

[24]
Chapter 5.
(Chapters/Implementation.tex [25

])

Package fancyhdr Warning: \headheight is too small (12.0pt): 
(fancyhdr)                Make it at least 14.49998pt, for example:
(fancyhdr)                \setlength{\headheight}{14.49998pt}.
(fancyhdr)                You might also make \topmargin smaller:
(fancyhdr)                \addtolength{\topmargin}{-2.49998pt}.

[26]
Chapter 6.
(Chapters/Reflection.tex [27

])

Package fancyhdr Warning: \headheight is too small (12.0pt): 
(fancyhdr)                Make it at least 14.49998pt, for example:
(fancyhdr)                \setlength{\headheight}{14.49998pt}.
(fancyhdr)                You might also make \topmargin smaller:
(fancyhdr)                \addtolength{\topmargin}{-2.49998pt}.

[28]
Chapter 7.
(Chapters/Conclusion.tex) [29

] (Chapters/References.tex) [30

]
(Chapters/AIUsage.tex)
Overfull \hbox (41.51468pt too wide) in paragraph at lines 33--166
[][]$\T1/cmtt/m/n/12 https : / / mitsdu . dk / en / mit _ studie / kandidat / n
egot _ kandidat / vejledning-[]og-[]support /
 []

(Chapters/Appendix.tex [31

]
Appendix A.

Overfull \hbox (9.66814pt too wide) in paragraph at lines 8--21
 [][] 
 []

[32

]
Appendix B.
[33

]
Appendix C.


pdfTeX warning: miktex-pdftex.exe (file ./Appendix/student-supervisor-contract-
group-6.pdf): PDF inclusion: found PDF version <1.7>, but at most version <1.5>
 allowed
<./Appendix/student-supervisor-contract-group-6.pdf, id=405, 597.55246pt x 845.
07718pt>
File: ./Appendix/student-supervisor-contract-group-6.pdf Graphic file (type pdf
)
<use ./Appendix/student-supervisor-contract-group-6.pdf>
Package pdftex.def Info: ./Appendix/student-supervisor-contract-group-6.pdf  us
ed on input line 33.
(pdftex.def)             Requested size: 597.551pt x 845.07512pt.


pdfTeX warning: miktex-pdftex.exe (file ./Appendix/student-supervisor-contract-
group-6.pdf): PDF inclusion: found PDF version <1.7>, but at most version <1.5>
 allowed


pdfTeX warning: miktex-pdftex.exe (file ./Appendix/student-supervisor-contract-
group-6.pdf): PDF inclusion: found PDF version <1.7>, but at most version <1.5>
 allowed
<./Appendix/student-supervisor-contract-group-6.pdf, id=407, page=1, 597.55246p
t x 845.07718pt>
File: ./Appendix/student-supervisor-contract-group-6.pdf Graphic file (type pdf
)
<use ./Appendix/student-supervisor-contract-group-6.pdf, page 1>
Package pdftex.def Info: ./Appendix/student-supervisor-contract-group-6.pdf , p
age1 used on input line 33.
(pdftex.def)             Requested size: 597.551pt x 845.07512pt.
File: ./Appendix/student-supervisor-contract-group-6.pdf Graphic file (type pdf
)
<use ./Appendix/student-supervisor-contract-group-6.pdf, page 1>
Package pdftex.def Info: ./Appendix/student-supervisor-contract-group-6.pdf , p
age1 used on input line 33.
(pdftex.def)             Requested size: 597.57834pt x 845.1138pt.
[34

]
File: ./Appendix/student-supervisor-contract-group-6.pdf Graphic file (type pdf
)
<use ./Appendix/student-supervisor-contract-group-6.pdf, page 1>
Package pdftex.def Info: ./Appendix/student-supervisor-contract-group-6.pdf , p
age1 used on input line 33.
(pdftex.def)             Requested size: 597.57834pt x 845.1138pt.
File: ./Appendix/student-supervisor-contract-group-6.pdf Graphic file (type pdf
)
<use ./Appendix/student-supervisor-contract-group-6.pdf, page 1>
Package pdftex.def Info: ./Appendix/student-supervisor-contract-group-6.pdf , p
age1 used on input line 33.
(pdftex.def)             Requested size: 597.57834pt x 845.1138pt.
File: ./Appendix/student-supervisor-contract-group-6.pdf Graphic file (type pdf
)
<use ./Appendix/student-supervisor-contract-group-6.pdf, page 1>
Package pdftex.def Info: ./Appendix/student-supervisor-contract-group-6.pdf , p
age1 used on input line 33.
(pdftex.def)             Requested size: 597.57834pt x 845.1138pt.
 [35

 <./Appendix/student-supervisor-contract-group-6.pdf>]

pdfTeX warning: miktex-pdftex.exe (file ./Appendix/student-supervisor-contract-
group-6.pdf): PDF inclusion: found PDF version <1.7>, but at most version <1.5>
 allowed
<./Appendix/student-supervisor-contract-group-6.pdf, id=452, page=2, 597.55246p
t x 845.07718pt>
File: ./Appendix/student-supervisor-contract-group-6.pdf Graphic file (type pdf
)
<use ./Appendix/student-supervisor-contract-group-6.pdf, page 2>
Package pdftex.def Info: ./Appendix/student-supervisor-contract-group-6.pdf , p
age2 used on input line 33.
(pdftex.def)             Requested size: 597.57834pt x 845.1138pt.
File: ./Appendix/student-supervisor-contract-group-6.pdf Graphic file (type pdf
)
<use ./Appendix/student-supervisor-contract-group-6.pdf, page 2>
Package pdftex.def Info: ./Appendix/student-supervisor-contract-group-6.pdf , p
age2 used on input line 33.
(pdftex.def)             Requested size: 597.57834pt x 845.1138pt.
File: ./Appendix/student-supervisor-contract-group-6.pdf Graphic file (type pdf
)
<use ./Appendix/student-supervisor-contract-group-6.pdf, page 2>
Package pdftex.def Info: ./Appendix/student-supervisor-contract-group-6.pdf , p
age2 used on input line 33.
(pdftex.def)             Requested size: 597.57834pt x 845.1138pt.
[36

 <./Appendix/student-supervisor-contract-group-6.pdf>]

pdfTeX warning: miktex-pdftex.exe (file ./Appendix/student-supervisor-contract-
group-6.pdf): PDF inclusion: found PDF version <1.7>, but at most version <1.5>
 allowed
<./Appendix/student-supervisor-contract-group-6.pdf, id=458, page=3, 597.55246p
t x 845.07718pt>
File: ./Appendix/student-supervisor-contract-group-6.pdf Graphic file (type pdf
)
<use ./Appendix/student-supervisor-contract-group-6.pdf, page 3>
Package pdftex.def Info: ./Appendix/student-supervisor-contract-group-6.pdf , p
age3 used on input line 33.
(pdftex.def)             Requested size: 597.57834pt x 845.1138pt.
File: ./Appendix/student-supervisor-contract-group-6.pdf Graphic file (type pdf
)
<use ./Appendix/student-supervisor-contract-group-6.pdf, page 3>
Package pdftex.def Info: ./Appendix/student-supervisor-contract-group-6.pdf , p
age3 used on input line 33.
(pdftex.def)             Requested size: 597.57834pt x 845.1138pt.
File: ./Appendix/student-supervisor-contract-group-6.pdf Graphic file (type pdf
)
<use ./Appendix/student-supervisor-contract-group-6.pdf, page 3>
Package pdftex.def Info: ./Appendix/student-supervisor-contract-group-6.pdf , p
age3 used on input line 33.
(pdftex.def)             Requested size: 597.57834pt x 845.1138pt.
[37

 <./Appendix/student-supervisor-contract-group-6.pdf>]

pdfTeX warning: miktex-pdftex.exe (file ./Appendix/group-contract.pdf): PDF inc
lusion: found PDF version <1.7>, but at most version <1.5> allowed
<./Appendix/group-contract.pdf, id=508, 597.55246pt x 845.07718pt>
File: ./Appendix/group-contract.pdf Graphic file (type pdf)
<use ./Appendix/group-contract.pdf>
Package pdftex.def Info: ./Appendix/group-contract.pdf  used on input line 36.
(pdftex.def)             Requested size: 597.551pt x 845.07512pt.


pdfTeX warning: miktex-pdftex.exe (file ./Appendix/group-contract.pdf): PDF inc
lusion: found PDF version <1.7>, but at most version <1.5> allowed


pdfTeX warning: miktex-pdftex.exe (file ./Appendix/group-contract.pdf): PDF inc
lusion: found PDF version <1.7>, but at most version <1.5> allowed
<./Appendix/group-contract.pdf, id=510, page=1, 597.55246pt x 845.07718pt>
File: ./Appendix/group-contract.pdf Graphic file (type pdf)
<use ./Appendix/group-contract.pdf, page 1>
Package pdftex.def Info: ./Appendix/group-contract.pdf , page1 used on input li
ne 36.
(pdftex.def)             Requested size: 597.551pt x 845.07512pt.
File: ./Appendix/group-contract.pdf Graphic file (type pdf)
<use ./Appendix/group-contract.pdf, page 1>
Package pdftex.def Info: ./Appendix/group-contract.pdf , page1 used on input li
ne 36.
(pdftex.def)             Requested size: 597.57834pt x 845.1138pt.

Package fancyhdr Warning: \headheight is too small (12.0pt): 
(fancyhdr)                Make it at least 14.49998pt, for example:
(fancyhdr)                \setlength{\headheight}{14.49998pt}.
(fancyhdr)                You might also make \topmargin smaller:
(fancyhdr)                \addtolength{\topmargin}{-2.49998pt}.

[38]
File: ./Appendix/group-contract.pdf Graphic file (type pdf)
<use ./Appendix/group-contract.pdf, page 1>
Package pdftex.def Info: ./Appendix/group-contract.pdf , page1 used on input li
ne 36.
(pdftex.def)             Requested size: 597.57834pt x 845.1138pt.
File: ./Appendix/group-contract.pdf Graphic file (type pdf)
<use ./Appendix/group-contract.pdf, page 1>
Package pdftex.def Info: ./Appendix/group-contract.pdf , page1 used on input li
ne 36.
(pdftex.def)             Requested size: 597.57834pt x 845.1138pt.
File: ./Appendix/group-contract.pdf Graphic file (type pdf)
<use ./Appendix/group-contract.pdf, page 1>
Package pdftex.def Info: ./Appendix/group-contract.pdf , page1 used on input li
ne 36.
(pdftex.def)             Requested size: 597.57834pt x 845.1138pt.
 [39

 <./Appendix/group-contract.pdf>]

pdfTeX warning: miktex-pdftex.exe (file ./Appendix/group-contract.pdf): PDF inc
lusion: found PDF version <1.7>, but at most version <1.5> allowed
<./Appendix/group-contract.pdf, id=557, page=2, 597.55246pt x 845.07718pt>
File: ./Appendix/group-contract.pdf Graphic file (type pdf)
<use ./Appendix/group-contract.pdf, page 2>
Package pdftex.def Info: ./Appendix/group-contract.pdf , page2 used on input li
ne 36.
(pdftex.def)             Requested size: 597.57834pt x 845.1138pt.
File: ./Appendix/group-contract.pdf Graphic file (type pdf)
<use ./Appendix/group-contract.pdf, page 2>
Package pdftex.def Info: ./Appendix/group-contract.pdf , page2 used on input li
ne 36.
(pdftex.def)             Requested size: 597.57834pt x 845.1138pt.
File: ./Appendix/group-contract.pdf Graphic file (type pdf)
<use ./Appendix/group-contract.pdf, page 2>
Package pdftex.def Info: ./Appendix/group-contract.pdf , page2 used on input li
ne 36.
(pdftex.def)             Requested size: 597.57834pt x 845.1138pt.
[40

 <./Appendix/group-contract.pdf>]
Appendix D.
[41

]
Appendix E.
) [42

] (main.aux)
 ***********
LaTeX2e <2025-11-01>
L3 programming layer <2025-12-24>
 ***********


LaTeX Warning: There were multiply-defined labels.

Package rerunfilecheck Info: File `main.out' has not changed.
(rerunfilecheck)             Checksum: C7306058CDA95E852CCEEEFE7845108A;4912.
 ) 
Here is how much of TeX's memory you used:
 16199 strings out of 467870
 266579 string characters out of 5417871
 699714 words of memory out of 5000000
 44748 multiletter control sequences out of 15000+600000
 637281 words of font info for 59 fonts, out of 8000000 for 9000
 1141 hyphenation exceptions out of 8191
 75i,17n,79p,2004b,612s stack positions out of 10000i,1000n,20000p,200000b,200000s
 <C:\Users\Oliwia\AppData\Local\MiKTeX\fonts/pk/ljfour/jknappen/ec/dpi600\tcr
m1200.pk> <C:\Users\Oliwia\AppData\Local\MiKTeX\fonts/pk/ljfour/jknappen/ec/dpi
600\ecbx1440.pk> <C:\Users\Oliwia\AppData\Local\MiKTeX\fonts/pk/ljfour/jknappen
/ec/dpi600\ecbx1728.pk> <C:\Users\Oliwia\AppData\Local\MiKTeX\fonts/pk/ljfour/j
knappen/ec/dpi600\ectt1200.pk> <C:\Users\Oliwia\AppData\Local\MiKTeX\fonts/pk/l
jfour/jknappen/ec/dpi600\ecrm1200.pk> <C:\Users\Oliwia\AppData\Local\MiKTeX\fon
ts/pk/ljfour/jknappen/ec/dpi600\ecbx1200.pk> <C:\Users\Oliwia\AppData\Local\MiK
TeX\fonts/pk/ljfour/jknappen/ec/dpi600\ecrm1440.pk> <C:\Users\Oliwia\AppData\Lo
cal\MiKTeX\fonts/pk/ljfour/jknappen/ec/dpi600\ecbx2488.pk>
Output written on main.pdf (48 pages, 2186259 bytes).
PDF statistics:
 941 PDF objects out of 1000 (max. 8388607)
 98 named destinations out of 1000 (max. 500000)
 407 words of extra memory for PDF output out of 10000 (max. 10000000)

